c:\users\tjsgh\desktop\12_1_3d개인포폴\2_11_client\client\default\x64\debug\client.pch
c:\users\tjsgh\desktop\12_1_3d개인포폴\2_11_client\client\default\x64\debug\vc143.pdb
c:\users\tjsgh\desktop\12_1_3d개인포폴\2_11_client\client\default\x64\debug\vc143.idb
c:\users\tjsgh\desktop\12_1_3d개인포폴\2_11_client\client\default\x64\debug\pch.obj
c:\users\tjsgh\desktop\12_1_3d개인포폴\2_11_client\client\default\x64\debug\loader.obj
c:\users\tjsgh\desktop\12_1_3d개인포폴\2_11_client\client\default\x64\debug\firebreath.obj
c:\users\tjsgh\desktop\12_1_3d개인포폴\2_11_client\client\default\x64\debug\boss.obj
c:\users\tjsgh\desktop\12_1_3d개인포폴\2_11_client\client\default\x64\debug\camera_free.obj
c:\users\tjsgh\desktop\12_1_3d개인포폴\2_11_client\client\default\x64\debug\button_4.obj
c:\users\tjsgh\desktop\12_1_3d개인포폴\2_11_client\client\default\x64\debug\button_3.obj
c:\users\tjsgh\desktop\12_1_3d개인포폴\2_11_client\client\default\x64\debug\button_2.obj
c:\users\tjsgh\desktop\12_1_3d개인포폴\2_11_client\client\default\x64\debug\button_1.obj
c:\users\tjsgh\desktop\12_1_3d개인포폴\2_11_client\client\default\x64\debug\box_lift.obj
c:\users\tjsgh\desktop\12_1_3d개인포폴\2_11_client\client\default\x64\debug\boss_right_arm.obj
c:\users\tjsgh\desktop\12_1_3d개인포폴\2_11_client\client\default\x64\debug\boss_left_arm.obj
c:\users\tjsgh\desktop\12_1_3d개인포폴\2_11_client\client\default\x64\debug\bossmaskui.obj
c:\users\tjsgh\desktop\12_1_3d개인포폴\2_11_client\client\default\x64\debug\bosshpui.obj
c:\users\tjsgh\desktop\12_1_3d개인포폴\2_11_client\client\default\x64\debug\body_player.obj
c:\users\tjsgh\desktop\12_1_3d개인포폴\2_11_client\client\default\x64\debug\alterbase.obj
c:\users\tjsgh\desktop\12_1_3d개인포폴\2_11_client\client\default\x64\debug\terrain.obj
c:\users\tjsgh\desktop\12_1_3d개인포폴\2_11_client\client\default\x64\debug\monster.obj
c:\users\tjsgh\desktop\12_1_3d개인포폴\2_11_client\client\default\x64\debug\level_logo.obj
c:\users\tjsgh\desktop\12_1_3d개인포폴\2_11_client\client\default\x64\debug\level_loading.obj
c:\users\tjsgh\desktop\12_1_3d개인포폴\2_11_client\client\default\x64\debug\level_gameplay.obj
c:\users\tjsgh\desktop\12_1_3d개인포폴\2_11_client\client\default\x64\debug\background.obj
c:\users\tjsgh\desktop\12_1_3d개인포폴\2_11_client\client\default\x64\debug\m_guardian_model_d.obj
c:\users\tjsgh\desktop\12_1_3d개인포폴\2_11_client\client\default\x64\debug\m_guardian_model_c_arm.obj
c:\users\tjsgh\desktop\12_1_3d개인포폴\2_11_client\client\default\x64\debug\m_guardian_model_c.obj
c:\users\tjsgh\desktop\12_1_3d개인포폴\2_11_client\client\default\x64\debug\m_guardian_model_a.obj
c:\users\tjsgh\desktop\12_1_3d개인포폴\2_11_client\client\default\x64\debug\m_guardianp_pose_a_sc_rock_02.obj
c:\users\tjsgh\desktop\12_1_3d개인포폴\2_11_client\client\default\x64\debug\m_guardianp_pose_a_sc_rock_01_weapon.obj
c:\users\tjsgh\desktop\12_1_3d개인포폴\2_11_client\client\default\x64\debug\m_guardianp_pose_a_sc_rock_01.obj
c:\users\tjsgh\desktop\12_1_3d개인포폴\2_11_client\client\default\x64\debug\leverbutton.obj
c:\users\tjsgh\desktop\12_1_3d개인포폴\2_11_client\client\default\x64\debug\item_ui_buttone.obj
c:\users\tjsgh\desktop\12_1_3d개인포폴\2_11_client\client\default\x64\debug\itemgainparticle.obj
c:\users\tjsgh\desktop\12_1_3d개인포폴\2_11_client\client\default\x64\debug\itembag.obj
c:\users\tjsgh\desktop\12_1_3d개인포폴\2_11_client\client\default\x64\debug\interactionui.obj
c:\users\tjsgh\desktop\12_1_3d개인포폴\2_11_client\client\default\x64\debug\idle.obj
c:\users\tjsgh\desktop\12_1_3d개인포폴\2_11_client\client\default\x64\debug\hpbar.obj
c:\users\tjsgh\desktop\12_1_3d개인포폴\2_11_client\client\default\x64\debug\hitparticle.obj
c:\users\tjsgh\desktop\12_1_3d개인포폴\2_11_client\client\default\x64\debug\hiteffectx.obj
c:\users\tjsgh\desktop\12_1_3d개인포폴\2_11_client\client\default\x64\debug\hiteffectcircle.obj
c:\users\tjsgh\desktop\12_1_3d개인포폴\2_11_client\client\default\x64\debug\hiteffect.obj
c:\users\tjsgh\desktop\12_1_3d개인포폴\2_11_client\client\default\x64\debug\forklift.obj
c:\users\tjsgh\desktop\12_1_3d개인포폴\2_11_client\client\default\x64\debug\sc_elemental_boss_04.obj
c:\users\tjsgh\desktop\12_1_3d개인포폴\2_11_client\client\default\x64\debug\sc_elemental_boss_02.obj
c:\users\tjsgh\desktop\12_1_3d개인포폴\2_11_client\client\default\x64\debug\sc_corner_d_mod.obj
c:\users\tjsgh\desktop\12_1_3d개인포폴\2_11_client\client\default\x64\debug\sc_brick_v1.obj
c:\users\tjsgh\desktop\12_1_3d개인포폴\2_11_client\client\default\x64\debug\sc_brick_w_b_mod_10.obj
c:\users\tjsgh\desktop\12_1_3d개인포폴\2_11_client\client\default\x64\debug\sc_brick_w_b_mod.obj
c:\users\tjsgh\desktop\12_1_3d개인포폴\2_11_client\client\default\x64\debug\questui.obj
c:\users\tjsgh\desktop\12_1_3d개인포폴\2_11_client\client\default\x64\debug\questmaskui.obj
c:\users\tjsgh\desktop\12_1_3d개인포폴\2_11_client\client\default\x64\debug\portal.obj
c:\users\tjsgh\desktop\12_1_3d개인포폴\2_11_client\client\default\x64\debug\player.obj
c:\users\tjsgh\desktop\12_1_3d개인포폴\2_11_client\client\default\x64\debug\particle_snow.obj
c:\users\tjsgh\desktop\12_1_3d개인포폴\2_11_client\client\default\x64\debug\particle_explosion.obj
c:\users\tjsgh\desktop\12_1_3d개인포폴\2_11_client\client\default\x64\debug\npcquestionui.obj
c:\users\tjsgh\desktop\12_1_3d개인포폴\2_11_client\client\default\x64\debug\npcinteractionui.obj
c:\users\tjsgh\desktop\12_1_3d개인포폴\2_11_client\client\default\x64\debug\npcdialog.obj
c:\users\tjsgh\desktop\12_1_3d개인포폴\2_11_client\client\default\x64\debug\moving_floor.obj
c:\users\tjsgh\desktop\12_1_3d개인포폴\2_11_client\client\default\x64\debug\monsterstunbar.obj
c:\users\tjsgh\desktop\12_1_3d개인포폴\2_11_client\client\default\x64\debug\monsterhpbar.obj
c:\users\tjsgh\desktop\12_1_3d개인포폴\2_11_client\client\default\x64\debug\mainapp.obj
c:\users\tjsgh\desktop\12_1_3d개인포폴\2_11_client\client\default\x64\debug\m_guardian_model_d_arm.obj
c:\users\tjsgh\desktop\12_1_3d개인포폴\2_11_client\client\default\x64\debug\sm_templelamp05.obj
c:\users\tjsgh\desktop\12_1_3d개인포폴\2_11_client\client\default\x64\debug\sm_templefloor_02.obj
c:\users\tjsgh\desktop\12_1_3d개인포폴\2_11_client\client\default\x64\debug\sm_templebrick_10.obj
c:\users\tjsgh\desktop\12_1_3d개인포폴\2_11_client\client\default\x64\debug\sm_templebrick_04.obj
c:\users\tjsgh\desktop\12_1_3d개인포폴\2_11_client\client\default\x64\debug\sm_templebrick_01.obj
c:\users\tjsgh\desktop\12_1_3d개인포폴\2_11_client\client\default\x64\debug\sm_pillar_01.obj
c:\users\tjsgh\desktop\12_1_3d개인포폴\2_11_client\client\default\x64\debug\sm_mushrooma_l_ui.obj
c:\users\tjsgh\desktop\12_1_3d개인포폴\2_11_client\client\default\x64\debug\sm_mushrooma_l.obj
c:\users\tjsgh\desktop\12_1_3d개인포폴\2_11_client\client\default\x64\debug\sm_lotusflower_07a1.obj
c:\users\tjsgh\desktop\12_1_3d개인포폴\2_11_client\client\default\x64\debug\sm_brick_w_b_mod2.obj
c:\users\tjsgh\desktop\12_1_3d개인포폴\2_11_client\client\default\x64\debug\sc_watertemple_parts_b.obj
c:\users\tjsgh\desktop\12_1_3d개인포폴\2_11_client\client\default\x64\debug\sc_totemb.obj
c:\users\tjsgh\desktop\12_1_3d개인포폴\2_11_client\client\default\x64\debug\sc_templedoor_05.obj
c:\users\tjsgh\desktop\12_1_3d개인포폴\2_11_client\client\default\x64\debug\sc_stone_heavybox_a_mod.obj
c:\users\tjsgh\desktop\12_1_3d개인포폴\2_11_client\client\default\x64\debug\sc_steps_a_mod.obj
c:\users\tjsgh\desktop\12_1_3d개인포폴\2_11_client\client\default\x64\debug\sc_stepbox.obj
c:\users\tjsgh\desktop\12_1_3d개인포폴\2_11_client\client\default\x64\debug\sc_runestatue.obj
c:\users\tjsgh\desktop\12_1_3d개인포폴\2_11_client\client\default\x64\debug\sc_object_stoneball.obj
c:\users\tjsgh\desktop\12_1_3d개인포폴\2_11_client\client\default\x64\debug\sc_flaptrap_03.obj
c:\users\tjsgh\desktop\12_1_3d개인포폴\2_11_client\client\default\x64\debug\sc_elemental_boss_05.obj
c:\users\tjsgh\desktop\12_1_3d개인포폴\2_11_client\client\default\x64\debug\client.obj
c:\users\tjsgh\desktop\12_1_3d개인포폴\2_11_client\client\default\x64\debug\wind_elementak_boss.obj
c:\users\tjsgh\desktop\12_1_3d개인포폴\2_11_client\client\default\x64\debug\wind_eletower_09.obj
c:\users\tjsgh\desktop\12_1_3d개인포폴\2_11_client\client\default\x64\debug\weapon.obj
c:\users\tjsgh\desktop\12_1_3d개인포폴\2_11_client\client\default\x64\debug\water.obj
c:\users\tjsgh\desktop\12_1_3d개인포폴\2_11_client\client\default\x64\debug\turntable_head.obj
c:\users\tjsgh\desktop\12_1_3d개인포폴\2_11_client\client\default\x64\debug\turntable_body.obj
c:\users\tjsgh\desktop\12_1_3d개인포폴\2_11_client\client\default\x64\debug\totemactionui.obj
c:\users\tjsgh\desktop\12_1_3d개인포폴\2_11_client\client\default\x64\debug\temple_ground.obj
c:\users\tjsgh\desktop\12_1_3d개인포폴\2_11_client\client\default\x64\debug\templeblcok.obj
c:\users\tjsgh\desktop\12_1_3d개인포폴\2_11_client\client\default\x64\debug\swordeffect.obj
c:\users\tjsgh\desktop\12_1_3d개인포폴\2_11_client\client\default\x64\debug\strongman.obj
c:\users\tjsgh\desktop\12_1_3d개인포폴\2_11_client\client\default\x64\debug\stamina_bar.obj
c:\users\tjsgh\desktop\12_1_3d개인포폴\2_11_client\client\default\x64\debug\slasheffect2.obj
c:\users\tjsgh\desktop\12_1_3d개인포폴\2_11_client\client\default\x64\debug\slasheffect.obj
c:\users\tjsgh\desktop\12_1_3d개인포폴\2_11_client\client\default\x64\debug\sky.obj
c:\users\tjsgh\desktop\12_1_3d개인포폴\2_11_client\client\default\x64\debug\s_hpflower_ui.obj
c:\users\tjsgh\desktop\12_1_3d개인포폴\2_11_client\client\default\x64\debug\s_hpflower.obj
c:\users\tjsgh\desktop\12_1_3d개인포폴\2_11_client\client\default\x64\debug\st_lifttable_a2_sui_00.obj
c:\users\tjsgh\desktop\12_1_3d개인포폴\2_11_client\client\default\x64\debug\sm_templelamp06.obj
c:\users\tjsgh\desktop\12_1_3d개인포폴\2_11_client\client\bin\shader_vtxanimmesh.cso
c:\users\tjsgh\desktop\12_1_3d개인포폴\2_11_client\client\bin\shader_vtxanimmeshnodefferd.cso
c:\users\tjsgh\desktop\12_1_3d개인포폴\2_11_client\client\bin\shader_vtxmeshnodefferd.cso
c:\users\tjsgh\desktop\12_1_3d개인포폴\2_11_client\client\bin\shader_vtxcube.cso
c:\users\tjsgh\desktop\12_1_3d개인포폴\2_11_client\client\bin\shader_vtxmesh.cso
c:\users\tjsgh\desktop\12_1_3d개인포폴\2_11_client\client\bin\shader_vtxnortex.cso
c:\users\tjsgh\desktop\12_1_3d개인포폴\2_11_client\client\bin\shader_vtxpointinstance.cso
c:\users\tjsgh\desktop\12_1_3d개인포폴\2_11_client\client\bin\shader_vtxpostex.cso
c:\users\tjsgh\desktop\12_1_3d개인포폴\2_11_client\client\bin\shader_vtxpostexage.cso
c:\users\tjsgh\desktop\12_1_3d개인포폴\2_11_client\client\bin\shader_vtxpostexinstance.cso
c:\users\tjsgh\desktop\12_1_3d개인포폴\2_11_client\client\bin\shader_water.cso
c:\users\tjsgh\desktop\12_1_3d개인포폴\2_11_client\client\bin\client.exe
c:\users\tjsgh\desktop\12_1_3d개인포폴\2_11_client\client\bin\client.pdb
c:\users\tjsgh\desktop\12_1_3d개인포폴\2_11_client\client\default\x64\debug\client.res
c:\users\tjsgh\desktop\12_1_3d개인포폴\2_11_client\client\default\x64\debug\client.ilk
c:\users\tjsgh\desktop\12_1_3d개인포폴\2_11_client\client\default\x64\debug\client.tlog\cl.command.1.tlog
c:\users\tjsgh\desktop\12_1_3d개인포폴\2_11_client\client\default\x64\debug\client.tlog\cl.items.tlog
c:\users\tjsgh\desktop\12_1_3d개인포폴\2_11_client\client\default\x64\debug\client.tlog\cl.read.1.tlog
c:\users\tjsgh\desktop\12_1_3d개인포폴\2_11_client\client\default\x64\debug\client.tlog\cl.write.1.tlog
c:\users\tjsgh\desktop\12_1_3d개인포폴\2_11_client\client\default\x64\debug\client.tlog\fxc.command.1.tlog
c:\users\tjsgh\desktop\12_1_3d개인포폴\2_11_client\client\default\x64\debug\client.tlog\fxc.read.1.tlog
c:\users\tjsgh\desktop\12_1_3d개인포폴\2_11_client\client\default\x64\debug\client.tlog\fxc.write.1.tlog
c:\users\tjsgh\desktop\12_1_3d개인포폴\2_11_client\client\default\x64\debug\client.tlog\link.command.1.tlog
c:\users\tjsgh\desktop\12_1_3d개인포폴\2_11_client\client\default\x64\debug\client.tlog\link.read.1.tlog
c:\users\tjsgh\desktop\12_1_3d개인포폴\2_11_client\client\default\x64\debug\client.tlog\link.secondary.1.tlog
c:\users\tjsgh\desktop\12_1_3d개인포폴\2_11_client\client\default\x64\debug\client.tlog\link.write.1.tlog
c:\users\tjsgh\desktop\12_1_3d개인포폴\2_11_client\client\default\x64\debug\client.tlog\rc.command.1.tlog
c:\users\tjsgh\desktop\12_1_3d개인포폴\2_11_client\client\default\x64\debug\client.tlog\rc.read.1.tlog
c:\users\tjsgh\desktop\12_1_3d개인포폴\2_11_client\client\default\x64\debug\client.tlog\rc.write.1.tlog
